Archive member included to satisfy reference by file (symbol)

c:/program files (x86)/atmel/studio/7.0/toolchain/avr8/avr8-gnu-toolchain/bin/../lib/gcc/avr/5.4.0/avr5\libgcc.a(_divmodhi4.o)
                              MCAL/TIMERS/TIMERS.o (__divmodhi4)
c:/program files (x86)/atmel/studio/7.0/toolchain/avr8/avr8-gnu-toolchain/bin/../lib/gcc/avr/5.4.0/avr5\libgcc.a(_udivmodsi4.o)
                              MCAL/TIMERS/TIMERS.o (__udivmodsi4)
c:/program files (x86)/atmel/studio/7.0/toolchain/avr8/avr8-gnu-toolchain/bin/../lib/gcc/avr/5.4.0/avr5\libgcc.a(_exit.o)
                              C:/Program Files (x86)/Atmel/Studio/7.0/Packs/atmel/ATmega_DFP/1.6.364/gcc/dev/atmega32/avr5/crtatmega32.o (exit)
c:/program files (x86)/atmel/studio/7.0/toolchain/avr8/avr8-gnu-toolchain/bin/../lib/gcc/avr/5.4.0/avr5\libgcc.a(_tablejump2.o)
                              APP/main.o (__tablejump2__)
c:/program files (x86)/atmel/studio/7.0/toolchain/avr8/avr8-gnu-toolchain/bin/../lib/gcc/avr/5.4.0/avr5\libgcc.a(_clear_bss.o)
                              APP/main.o (__do_clear_bss)
c:/program files (x86)/atmel/studio/7.0/toolchain/avr8/avr8-gnu-toolchain/bin/../lib/gcc/avr/5.4.0/avr5\libgcc.a(_muluhisi3.o)
                              MCAL/TIMERS/TIMERS.o (__muluhisi3)
c:/program files (x86)/atmel/studio/7.0/toolchain/avr8/avr8-gnu-toolchain/bin/../lib/gcc/avr/5.4.0/avr5\libgcc.a(_udivmodhi4.o)
                              c:/program files (x86)/atmel/studio/7.0/toolchain/avr8/avr8-gnu-toolchain/bin/../lib/gcc/avr/5.4.0/avr5\libgcc.a(_divmodhi4.o) (__udivmodhi4)
c:/program files (x86)/atmel/studio/7.0/toolchain/avr8/avr8-gnu-toolchain/bin/../lib/gcc/avr/5.4.0/avr5\libgcc.a(_umulhisi3.o)
                              c:/program files (x86)/atmel/studio/7.0/toolchain/avr8/avr8-gnu-toolchain/bin/../lib/gcc/avr/5.4.0/avr5\libgcc.a(_muluhisi3.o) (__umulhisi3)

Allocating common symbols
Common symbol       size              file

no_of_ov            0x4               MCAL/TIMERS/TIMERS.o
rem_ticks           0x1               MCAL/TIMERS/TIMERS.o
no_of_cm            0x4               MCAL/TIMERS/TIMERS.o

Discarded input sections

 .data          0x00000000        0x0 C:/Program Files (x86)/Atmel/Studio/7.0/Packs/atmel/ATmega_DFP/1.6.364/gcc/dev/atmega32/avr5/crtatmega32.o
 .bss           0x00000000        0x0 C:/Program Files (x86)/Atmel/Studio/7.0/Packs/atmel/ATmega_DFP/1.6.364/gcc/dev/atmega32/avr5/crtatmega32.o
 .text          0x00000000        0x0 APP/main.o
 .data          0x00000000        0x0 APP/main.o
 .bss           0x00000000        0x0 APP/main.o
 .bss.Speed     0x00000000        0x1 APP/main.o
 .text          0x00000000        0x0 HAL/BUZZER/BUZZER.o
 .data          0x00000000        0x0 HAL/BUZZER/BUZZER.o
 .bss           0x00000000        0x0 HAL/BUZZER/BUZZER.o
 .text          0x00000000        0x0 HAL/DC_MOTOR/DC_MOTOR.o
 .data          0x00000000        0x0 HAL/DC_MOTOR/DC_MOTOR.o
 .bss           0x00000000        0x0 HAL/DC_MOTOR/DC_MOTOR.o
 .text          0x00000000        0x0 HAL/DC_STEERING/DC_MOTOR_STEER.o
 .data          0x00000000        0x0 HAL/DC_STEERING/DC_MOTOR_STEER.o
 .bss           0x00000000        0x0 HAL/DC_STEERING/DC_MOTOR_STEER.o
 .text          0x00000000        0x0 HAL/HC_05/HC_05.o
 .data          0x00000000        0x0 HAL/HC_05/HC_05.o
 .bss           0x00000000        0x0 HAL/HC_05/HC_05.o
 .text.HC_05_SEND_BYTE
                0x00000000        0x6 HAL/HC_05/HC_05.o
 .text          0x00000000        0x0 HAL/LED/LED.o
 .data          0x00000000        0x0 HAL/LED/LED.o
 .bss           0x00000000        0x0 HAL/LED/LED.o
 .text.LED_ON   0x00000000        0x8 HAL/LED/LED.o
 .text.LED_OFF  0x00000000        0x8 HAL/LED/LED.o
 .text          0x00000000        0x0 MCAL/DIO/DIO.o
 .data          0x00000000        0x0 MCAL/DIO/DIO.o
 .bss           0x00000000        0x0 MCAL/DIO/DIO.o
 .text.PIN_READ
                0x00000000       0x8c MCAL/DIO/DIO.o
 .text.PIN_TOG  0x00000000       0x8e MCAL/DIO/DIO.o
 .text.PORT_MODE
                0x00000000       0x58 MCAL/DIO/DIO.o
 .text.PORT_WRITE
                0x00000000       0x20 MCAL/DIO/DIO.o
 .text.PORT_READ
                0x00000000       0x24 MCAL/DIO/DIO.o
 .text.PIN_PULL_UP_RES
                0x00000000      0x118 MCAL/DIO/DIO.o
 .text          0x00000000        0x0 MCAL/TIMERS/TIMERS.o
 .data          0x00000000        0x0 MCAL/TIMERS/TIMERS.o
 .bss           0x00000000        0x0 MCAL/TIMERS/TIMERS.o
 .text.TIMER_0_INIT
                0x00000000       0x1a MCAL/TIMERS/TIMERS.o
 .text.TIMER_0_SET_TIME
                0x00000000       0x94 MCAL/TIMERS/TIMERS.o
 .text.PWM_1_INIT
                0x00000000       0x2e MCAL/TIMERS/TIMERS.o
 .text.PWM_1_SET_DUTY_CYCLE
                0x00000000        0x6 MCAL/TIMERS/TIMERS.o
 .text.PWM_1_START
                0x00000000       0x14 MCAL/TIMERS/TIMERS.o
 .text.PWM_1_STOP
                0x00000000       0x14 MCAL/TIMERS/TIMERS.o
 COMMON         0x00000000        0x9 MCAL/TIMERS/TIMERS.o
 .text          0x00000000        0x0 MCAL/UART/UART.o
 .data          0x00000000        0x0 MCAL/UART/UART.o
 .bss           0x00000000        0x0 MCAL/UART/UART.o
 .text.UART_SEND
                0x00000000        0x8 MCAL/UART/UART.o
 .text          0x00000000        0x0 c:/program files (x86)/atmel/studio/7.0/toolchain/avr8/avr8-gnu-toolchain/bin/../lib/gcc/avr/5.4.0/avr5\libgcc.a(_divmodhi4.o)
 .data          0x00000000        0x0 c:/program files (x86)/atmel/studio/7.0/toolchain/avr8/avr8-gnu-toolchain/bin/../lib/gcc/avr/5.4.0/avr5\libgcc.a(_divmodhi4.o)
 .bss           0x00000000        0x0 c:/program files (x86)/atmel/studio/7.0/toolchain/avr8/avr8-gnu-toolchain/bin/../lib/gcc/avr/5.4.0/avr5\libgcc.a(_divmodhi4.o)
 .text.libgcc.mul
                0x00000000        0x0 c:/program files (x86)/atmel/studio/7.0/toolchain/avr8/avr8-gnu-toolchain/bin/../lib/gcc/avr/5.4.0/avr5\libgcc.a(_divmodhi4.o)
 .text.libgcc   0x00000000        0x0 c:/program files (x86)/atmel/studio/7.0/toolchain/avr8/avr8-gnu-toolchain/bin/../lib/gcc/avr/5.4.0/avr5\libgcc.a(_divmodhi4.o)
 .text.libgcc.prologue
                0x00000000        0x0 c:/program files (x86)/atmel/studio/7.0/toolchain/avr8/avr8-gnu-toolchain/bin/../lib/gcc/avr/5.4.0/avr5\libgcc.a(_divmodhi4.o)
 .text.libgcc.builtins
                0x00000000        0x0 c:/program files (x86)/atmel/studio/7.0/toolchain/avr8/avr8-gnu-toolchain/bin/../lib/gcc/avr/5.4.0/avr5\libgcc.a(_divmodhi4.o)
 .text.libgcc.fmul
                0x00000000        0x0 c:/program files (x86)/atmel/studio/7.0/toolchain/avr8/avr8-gnu-toolchain/bin/../lib/gcc/avr/5.4.0/avr5\libgcc.a(_divmodhi4.o)
 .text.libgcc.fixed
                0x00000000        0x0 c:/program files (x86)/atmel/studio/7.0/toolchain/avr8/avr8-gnu-toolchain/bin/../lib/gcc/avr/5.4.0/avr5\libgcc.a(_divmodhi4.o)
 .text          0x00000000        0x0 c:/program files (x86)/atmel/studio/7.0/toolchain/avr8/avr8-gnu-toolchain/bin/../lib/gcc/avr/5.4.0/avr5\libgcc.a(_udivmodsi4.o)
 .data          0x00000000        0x0 c:/program files (x86)/atmel/studio/7.0/toolchain/avr8/avr8-gnu-toolchain/bin/../lib/gcc/avr/5.4.0/avr5\libgcc.a(_udivmodsi4.o)
 .bss           0x00000000        0x0 c:/program files (x86)/atmel/studio/7.0/toolchain/avr8/avr8-gnu-toolchain/bin/../lib/gcc/avr/5.4.0/avr5\libgcc.a(_udivmodsi4.o)
 .text.libgcc.mul
                0x00000000        0x0 c:/program files (x86)/atmel/studio/7.0/toolchain/avr8/avr8-gnu-toolchain/bin/../lib/gcc/avr/5.4.0/avr5\libgcc.a(_udivmodsi4.o)
 .text.libgcc.div
                0x00000000       0x44 c:/program files (x86)/atmel/studio/7.0/toolchain/avr8/avr8-gnu-toolchain/bin/../lib/gcc/avr/5.4.0/avr5\libgcc.a(_udivmodsi4.o)
 .text.libgcc   0x00000000        0x0 c:/program files (x86)/atmel/studio/7.0/toolchain/avr8/avr8-gnu-toolchain/bin/../lib/gcc/avr/5.4.0/avr5\libgcc.a(_udivmodsi4.o)
 .text.libgcc.prologue
                0x00000000        0x0 c:/program files (x86)/atmel/studio/7.0/toolchain/avr8/avr8-gnu-toolchain/bin/../lib/gcc/avr/5.4.0/avr5\libgcc.a(_udivmodsi4.o)
 .text.libgcc.builtins
                0x00000000        0x0 c:/program files (x86)/atmel/studio/7.0/toolchain/avr8/avr8-gnu-toolchain/bin/../lib/gcc/avr/5.4.0/avr5\libgcc.a(_udivmodsi4.o)
 .text.libgcc.fmul
                0x00000000        0x0 c:/program files (x86)/atmel/studio/7.0/toolchain/avr8/avr8-gnu-toolchain/bin/../lib/gcc/avr/5.4.0/avr5\libgcc.a(_udivmodsi4.o)
 .text.libgcc.fixed
                0x00000000        0x0 c:/program files (x86)/atmel/studio/7.0/toolchain/avr8/avr8-gnu-toolchain/bin/../lib/gcc/avr/5.4.0/avr5\libgcc.a(_udivmodsi4.o)
 .text          0x00000000        0x0 c:/program files (x86)/atmel/studio/7.0/toolchain/avr8/avr8-gnu-toolchain/bin/../lib/gcc/avr/5.4.0/avr5\libgcc.a(_exit.o)
 .data          0x00000000        0x0 c:/program files (x86)/atmel/studio/7.0/toolchain/avr8/avr8-gnu-toolchain/bin/../lib/gcc/avr/5.4.0/avr5\libgcc.a(_exit.o)
 .bss           0x00000000        0x0 c:/program files (x86)/atmel/studio/7.0/toolchain/avr8/avr8-gnu-toolchain/bin/../lib/gcc/avr/5.4.0/avr5\libgcc.a(_exit.o)
 .text.libgcc.mul
                0x00000000        0x0 c:/program files (x86)/atmel/studio/7.0/toolchain/avr8/avr8-gnu-toolchain/bin/../lib/gcc/avr/5.4.0/avr5\libgcc.a(_exit.o)
 .text.libgcc.div
                0x00000000        0x0 c:/program files (x86)/atmel/studio/7.0/toolchain/avr8/avr8-gnu-toolchain/bin/../lib/gcc/avr/5.4.0/avr5\libgcc.a(_exit.o)
 .text.libgcc   0x00000000        0x0 c:/program files (x86)/atmel/studio/7.0/toolchain/avr8/avr8-gnu-toolchain/bin/../lib/gcc/avr/5.4.0/avr5\libgcc.a(_exit.o)
 .text.libgcc.prologue
                0x00000000        0x0 c:/program files (x86)/atmel/studio/7.0/toolchain/avr8/avr8-gnu-toolchain/bin/../lib/gcc/avr/5.4.0/avr5\libgcc.a(_exit.o)
 .text.libgcc.builtins
                0x00000000        0x0 c:/program files (x86)/atmel/studio/7.0/toolchain/avr8/avr8-gnu-toolchain/bin/../lib/gcc/avr/5.4.0/avr5\libgcc.a(_exit.o)
 .text.libgcc.fmul
                0x00000000        0x0 c:/program files (x86)/atmel/studio/7.0/toolchain/avr8/avr8-gnu-toolchain/bin/../lib/gcc/avr/5.4.0/avr5\libgcc.a(_exit.o)
 .text.libgcc.fixed
                0x00000000        0x0 c:/program files (x86)/atmel/studio/7.0/toolchain/avr8/avr8-gnu-toolchain/bin/../lib/gcc/avr/5.4.0/avr5\libgcc.a(_exit.o)
 .text          0x00000000        0x0 c:/program files (x86)/atmel/studio/7.0/toolchain/avr8/avr8-gnu-toolchain/bin/../lib/gcc/avr/5.4.0/avr5\libgcc.a(_tablejump2.o)
 .data          0x00000000        0x0 c:/program files (x86)/atmel/studio/7.0/toolchain/avr8/avr8-gnu-toolchain/bin/../lib/gcc/avr/5.4.0/avr5\libgcc.a(_tablejump2.o)
 .bss           0x00000000        0x0 c:/program files (x86)/atmel/studio/7.0/toolchain/avr8/avr8-gnu-toolchain/bin/../lib/gcc/avr/5.4.0/avr5\libgcc.a(_tablejump2.o)
 .text.libgcc.mul
                0x00000000        0x0 c:/program files (x86)/atmel/studio/7.0/toolchain/avr8/avr8-gnu-toolchain/bin/../lib/gcc/avr/5.4.0/avr5\libgcc.a(_tablejump2.o)
 .text.libgcc.div
                0x00000000        0x0 c:/program files (x86)/atmel/studio/7.0/toolchain/avr8/avr8-gnu-toolchain/bin/../lib/gcc/avr/5.4.0/avr5\libgcc.a(_tablejump2.o)
 .text.libgcc.prologue
                0x00000000        0x0 c:/program files (x86)/atmel/studio/7.0/toolchain/avr8/avr8-gnu-toolchain/bin/../lib/gcc/avr/5.4.0/avr5\libgcc.a(_tablejump2.o)
 .text.libgcc.builtins
                0x00000000        0x0 c:/program files (x86)/atmel/studio/7.0/toolchain/avr8/avr8-gnu-toolchain/bin/../lib/gcc/avr/5.4.0/avr5\libgcc.a(_tablejump2.o)
 .text.libgcc.fmul
                0x00000000        0x0 c:/program files (x86)/atmel/studio/7.0/toolchain/avr8/avr8-gnu-toolchain/bin/../lib/gcc/avr/5.4.0/avr5\libgcc.a(_tablejump2.o)
 .text.libgcc.fixed
                0x00000000        0x0 c:/program files (x86)/atmel/studio/7.0/toolchain/avr8/avr8-gnu-toolchain/bin/../lib/gcc/avr/5.4.0/avr5\libgcc.a(_tablejump2.o)
 .text          0x00000000        0x0 c:/program files (x86)/atmel/studio/7.0/toolchain/avr8/avr8-gnu-toolchain/bin/../lib/gcc/avr/5.4.0/avr5\libgcc.a(_clear_bss.o)
 .data          0x00000000        0x0 c:/program files (x86)/atmel/studio/7.0/toolchain/avr8/avr8-gnu-toolchain/bin/../lib/gcc/avr/5.4.0/avr5\libgcc.a(_clear_bss.o)
 .bss           0x00000000        0x0 c:/program files (x86)/atmel/studio/7.0/toolchain/avr8/avr8-gnu-toolchain/bin/../lib/gcc/avr/5.4.0/avr5\libgcc.a(_clear_bss.o)
 .text.libgcc.mul
                0x00000000        0x0 c:/program files (x86)/atmel/studio/7.0/toolchain/avr8/avr8-gnu-toolchain/bin/../lib/gcc/avr/5.4.0/avr5\libgcc.a(_clear_bss.o)
 .text.libgcc.div
                0x00000000        0x0 c:/program files (x86)/atmel/studio/7.0/toolchain/avr8/avr8-gnu-toolchain/bin/../lib/gcc/avr/5.4.0/avr5\libgcc.a(_clear_bss.o)
 .text.libgcc   0x00000000        0x0 c:/program files (x86)/atmel/studio/7.0/toolchain/avr8/avr8-gnu-toolchain/bin/../lib/gcc/avr/5.4.0/avr5\libgcc.a(_clear_bss.o)
 .text.libgcc.prologue
                0x00000000        0x0 c:/program files (x86)/atmel/studio/7.0/toolchain/avr8/avr8-gnu-toolchain/bin/../lib/gcc/avr/5.4.0/avr5\libgcc.a(_clear_bss.o)
 .text.libgcc.builtins
                0x00000000        0x0 c:/program files (x86)/atmel/studio/7.0/toolchain/avr8/avr8-gnu-toolchain/bin/../lib/gcc/avr/5.4.0/avr5\libgcc.a(_clear_bss.o)
 .text.libgcc.fmul
                0x00000000        0x0 c:/program files (x86)/atmel/studio/7.0/toolchain/avr8/avr8-gnu-toolchain/bin/../lib/gcc/avr/5.4.0/avr5\libgcc.a(_clear_bss.o)
 .text.libgcc.fixed
                0x00000000        0x0 c:/program files (x86)/atmel/studio/7.0/toolchain/avr8/avr8-gnu-toolchain/bin/../lib/gcc/avr/5.4.0/avr5\libgcc.a(_clear_bss.o)
 .text          0x00000000        0x0 c:/program files (x86)/atmel/studio/7.0/toolchain/avr8/avr8-gnu-toolchain/bin/../lib/gcc/avr/5.4.0/avr5\libgcc.a(_muluhisi3.o)
 .data          0x00000000        0x0 c:/program files (x86)/atmel/studio/7.0/toolchain/avr8/avr8-gnu-toolchain/bin/../lib/gcc/avr/5.4.0/avr5\libgcc.a(_muluhisi3.o)
 .bss           0x00000000        0x0 c:/program files (x86)/atmel/studio/7.0/toolchain/avr8/avr8-gnu-toolchain/bin/../lib/gcc/avr/5.4.0/avr5\libgcc.a(_muluhisi3.o)
 .text.libgcc.mul
                0x00000000       0x16 c:/program files (x86)/atmel/studio/7.0/toolchain/avr8/avr8-gnu-toolchain/bin/../lib/gcc/avr/5.4.0/avr5\libgcc.a(_muluhisi3.o)
 .text.libgcc.div
                0x00000000        0x0 c:/program files (x86)/atmel/studio/7.0/toolchain/avr8/avr8-gnu-toolchain/bin/../lib/gcc/avr/5.4.0/avr5\libgcc.a(_muluhisi3.o)
 .text.libgcc   0x00000000        0x0 c:/program files (x86)/atmel/studio/7.0/toolchain/avr8/avr8-gnu-toolchain/bin/../lib/gcc/avr/5.4.0/avr5\libgcc.a(_muluhisi3.o)
 .text.libgcc.prologue
                0x00000000        0x0 c:/program files (x86)/atmel/studio/7.0/toolchain/avr8/avr8-gnu-toolchain/bin/../lib/gcc/avr/5.4.0/avr5\libgcc.a(_muluhisi3.o)
 .text.libgcc.builtins
                0x00000000        0x0 c:/program files (x86)/atmel/studio/7.0/toolchain/avr8/avr8-gnu-toolchain/bin/../lib/gcc/avr/5.4.0/avr5\libgcc.a(_muluhisi3.o)
 .text.libgcc.fmul
                0x00000000        0x0 c:/program files (x86)/atmel/studio/7.0/toolchain/avr8/avr8-gnu-toolchain/bin/../lib/gcc/avr/5.4.0/avr5\libgcc.a(_muluhisi3.o)
 .text.libgcc.fixed
                0x00000000        0x0 c:/program files (x86)/atmel/studio/7.0/toolchain/avr8/avr8-gnu-toolchain/bin/../lib/gcc/avr/5.4.0/avr5\libgcc.a(_muluhisi3.o)
 .text          0x00000000        0x0 c:/program files (x86)/atmel/studio/7.0/toolchain/avr8/avr8-gnu-toolchain/bin/../lib/gcc/avr/5.4.0/avr5\libgcc.a(_udivmodhi4.o)
 .data          0x00000000        0x0 c:/program files (x86)/atmel/studio/7.0/toolchain/avr8/avr8-gnu-toolchain/bin/../lib/gcc/avr/5.4.0/avr5\libgcc.a(_udivmodhi4.o)
 .bss           0x00000000        0x0 c:/program files (x86)/atmel/studio/7.0/toolchain/avr8/avr8-gnu-toolchain/bin/../lib/gcc/avr/5.4.0/avr5\libgcc.a(_udivmodhi4.o)
 .text.libgcc.mul
                0x00000000        0x0 c:/program files (x86)/atmel/studio/7.0/toolchain/avr8/avr8-gnu-toolchain/bin/../lib/gcc/avr/5.4.0/avr5\libgcc.a(_udivmodhi4.o)
 .text.libgcc   0x00000000        0x0 c:/program files (x86)/atmel/studio/7.0/toolchain/avr8/avr8-gnu-toolchain/bin/../lib/gcc/avr/5.4.0/avr5\libgcc.a(_udivmodhi4.o)
 .text.libgcc.prologue
                0x00000000        0x0 c:/program files (x86)/atmel/studio/7.0/toolchain/avr8/avr8-gnu-toolchain/bin/../lib/gcc/avr/5.4.0/avr5\libgcc.a(_udivmodhi4.o)
 .text.libgcc.builtins
                0x00000000        0x0 c:/program files (x86)/atmel/studio/7.0/toolchain/avr8/avr8-gnu-toolchain/bin/../lib/gcc/avr/5.4.0/avr5\libgcc.a(_udivmodhi4.o)
 .text.libgcc.fmul
                0x00000000        0x0 c:/program files (x86)/atmel/studio/7.0/toolchain/avr8/avr8-gnu-toolchain/bin/../lib/gcc/avr/5.4.0/avr5\libgcc.a(_udivmodhi4.o)
 .text.libgcc.fixed
                0x00000000        0x0 c:/program files (x86)/atmel/studio/7.0/toolchain/avr8/avr8-gnu-toolchain/bin/../lib/gcc/avr/5.4.0/avr5\libgcc.a(_udivmodhi4.o)
 .text          0x00000000        0x0 c:/program files (x86)/atmel/studio/7.0/toolchain/avr8/avr8-gnu-toolchain/bin/../lib/gcc/avr/5.4.0/avr5\libgcc.a(_umulhisi3.o)
 .data          0x00000000        0x0 c:/program files (x86)/atmel/studio/7.0/toolchain/avr8/avr8-gnu-toolchain/bin/../lib/gcc/avr/5.4.0/avr5\libgcc.a(_umulhisi3.o)
 .bss           0x00000000        0x0 c:/program files (x86)/atmel/studio/7.0/toolchain/avr8/avr8-gnu-toolchain/bin/../lib/gcc/avr/5.4.0/avr5\libgcc.a(_umulhisi3.o)
 .text.libgcc.mul
                0x00000000       0x1e c:/program files (x86)/atmel/studio/7.0/toolchain/avr8/avr8-gnu-toolchain/bin/../lib/gcc/avr/5.4.0/avr5\libgcc.a(_umulhisi3.o)
 .text.libgcc.div
                0x00000000        0x0 c:/program files (x86)/atmel/studio/7.0/toolchain/avr8/avr8-gnu-toolchain/bin/../lib/gcc/avr/5.4.0/avr5\libgcc.a(_umulhisi3.o)
 .text.libgcc   0x00000000        0x0 c:/program files (x86)/atmel/studio/7.0/toolchain/avr8/avr8-gnu-toolchain/bin/../lib/gcc/avr/5.4.0/avr5\libgcc.a(_umulhisi3.o)
 .text.libgcc.prologue
                0x00000000        0x0 c:/program files (x86)/atmel/studio/7.0/toolchain/avr8/avr8-gnu-toolchain/bin/../lib/gcc/avr/5.4.0/avr5\libgcc.a(_umulhisi3.o)
 .text.libgcc.builtins
                0x00000000        0x0 c:/program files (x86)/atmel/studio/7.0/toolchain/avr8/avr8-gnu-toolchain/bin/../lib/gcc/avr/5.4.0/avr5\libgcc.a(_umulhisi3.o)
 .text.libgcc.fmul
                0x00000000        0x0 c:/program files (x86)/atmel/studio/7.0/toolchain/avr8/avr8-gnu-toolchain/bin/../lib/gcc/avr/5.4.0/avr5\libgcc.a(_umulhisi3.o)
 .text.libgcc.fixed
                0x00000000        0x0 c:/program files (x86)/atmel/studio/7.0/toolchain/avr8/avr8-gnu-toolchain/bin/../lib/gcc/avr/5.4.0/avr5\libgcc.a(_umulhisi3.o)

Memory Configuration

Name             Origin             Length             Attributes
text             0x00000000         0x00008000         xr
data             0x00800060         0x00000800         rw !x
eeprom           0x00810000         0x00000400         rw !x
fuse             0x00820000         0x00000002         rw !x
lock             0x00830000         0x00000400         rw !x
signature        0x00840000         0x00000400         rw !x
user_signatures  0x00850000         0x00000400         rw !x
*default*        0x00000000         0xffffffff

Linker script and memory map

LOAD C:/Program Files (x86)/Atmel/Studio/7.0/Packs/atmel/ATmega_DFP/1.6.364/gcc/dev/atmega32/avr5/crtatmega32.o
LOAD APP/main.o
LOAD HAL/BUZZER/BUZZER.o
LOAD HAL/DC_MOTOR/DC_MOTOR.o
LOAD HAL/DC_STEERING/DC_MOTOR_STEER.o
LOAD HAL/HC_05/HC_05.o
LOAD HAL/LED/LED.o
LOAD MCAL/DIO/DIO.o
LOAD MCAL/TIMERS/TIMERS.o
LOAD MCAL/UART/UART.o
START GROUP
LOAD c:/program files (x86)/atmel/studio/7.0/toolchain/avr8/avr8-gnu-toolchain/bin/../lib/gcc/avr/5.4.0/../../../../avr/lib/avr5\libm.a
END GROUP
START GROUP
LOAD c:/program files (x86)/atmel/studio/7.0/toolchain/avr8/avr8-gnu-toolchain/bin/../lib/gcc/avr/5.4.0/avr5\libgcc.a
LOAD c:/program files (x86)/atmel/studio/7.0/toolchain/avr8/avr8-gnu-toolchain/bin/../lib/gcc/avr/5.4.0/../../../../avr/lib/avr5\libm.a
LOAD c:/program files (x86)/atmel/studio/7.0/toolchain/avr8/avr8-gnu-toolchain/bin/../lib/gcc/avr/5.4.0/../../../../avr/lib/avr5\libc.a
LOAD C:/Program Files (x86)/Atmel/Studio/7.0/Packs/atmel/ATmega_DFP/1.6.364/gcc/dev/atmega32/avr5\libatmega32.a
END GROUP
                0x00000000                __TEXT_REGION_ORIGIN__ = DEFINED (__TEXT_REGION_ORIGIN__)?__TEXT_REGION_ORIGIN__:0x0
                [0x00800060]                __DATA_REGION_ORIGIN__ = DEFINED (__DATA_REGION_ORIGIN__)?__DATA_REGION_ORIGIN__:0x800060
                [0x00008000]                __TEXT_REGION_LENGTH__ = DEFINED (__TEXT_REGION_LENGTH__)?__TEXT_REGION_LENGTH__:0x20000
                [0x00000800]                __DATA_REGION_LENGTH__ = DEFINED (__DATA_REGION_LENGTH__)?__DATA_REGION_LENGTH__:0xffa0
                [0x00000400]                __EEPROM_REGION_LENGTH__ = DEFINED (__EEPROM_REGION_LENGTH__)?__EEPROM_REGION_LENGTH__:0x10000
                [0x00000002]                __FUSE_REGION_LENGTH__ = DEFINED (__FUSE_REGION_LENGTH__)?__FUSE_REGION_LENGTH__:0x400
                0x00000400                __LOCK_REGION_LENGTH__ = DEFINED (__LOCK_REGION_LENGTH__)?__LOCK_REGION_LENGTH__:0x400
                0x00000400                __SIGNATURE_REGION_LENGTH__ = DEFINED (__SIGNATURE_REGION_LENGTH__)?__SIGNATURE_REGION_LENGTH__:0x400
                0x00000400                __USER_SIGNATURE_REGION_LENGTH__ = DEFINED (__USER_SIGNATURE_REGION_LENGTH__)?__USER_SIGNATURE_REGION_LENGTH__:0x400

.hash
 *(.hash)

.dynsym
 *(.dynsym)

.dynstr
 *(.dynstr)

.gnu.version
 *(.gnu.version)

.gnu.version_d
 *(.gnu.version_d)

.gnu.version_r
 *(.gnu.version_r)

.rel.init
 *(.rel.init)

.rela.init
 *(.rela.init)

.rel.text
 *(.rel.text)
 *(.rel.text.*)
 *(.rel.gnu.linkonce.t*)

.rela.text
 *(.rela.text)
 *(.rela.text.*)
 *(.rela.gnu.linkonce.t*)

.rel.fini
 *(.rel.fini)

.rela.fini
 *(.rela.fini)

.rel.rodata
 *(.rel.rodata)
 *(.rel.rodata.*)
 *(.rel.gnu.linkonce.r*)

.rela.rodata
 *(.rela.rodata)
 *(.rela.rodata.*)
 *(.rela.gnu.linkonce.r*)

.rel.data
 *(.rel.data)
 *(.rel.data.*)
 *(.rel.gnu.linkonce.d*)

.rela.data
 *(.rela.data)
 *(.rela.data.*)
 *(.rela.gnu.linkonce.d*)

.rel.ctors
 *(.rel.ctors)

.rela.ctors
 *(.rela.ctors)

.rel.dtors
 *(.rel.dtors)

.rela.dtors
 *(.rela.dtors)

.rel.got
 *(.rel.got)

.rela.got
 *(.rela.got)

.rel.bss
 *(.rel.bss)

.rela.bss
 *(.rela.bss)

.rel.plt
 *(.rel.plt)

.rela.plt
 *(.rela.plt)

.text           0x00000000      0x682
 *(.vectors)
 .vectors       0x00000000       0x54 C:/Program Files (x86)/Atmel/Studio/7.0/Packs/atmel/ATmega_DFP/1.6.364/gcc/dev/atmega32/avr5/crtatmega32.o
                0x00000000                __vector_default
                0x00000000                __vectors
 *(.vectors)
 *(.progmem.gcc*)
 .progmem.gcc_sw_table.main
                0x00000054       0x14 APP/main.o
                0x00000068                . = ALIGN (0x2)
                0x00000068                __trampolines_start = .
 *(.trampolines)
 .trampolines   0x00000068        0x0 linker stubs
 *(.trampolines*)
                0x00000068                __trampolines_end = .
 *libprintf_flt.a:*(.progmem.data)
 *libc.a:*(.progmem.data)
 *(.progmem*)
                0x00000068                . = ALIGN (0x2)
 *(.jumptables)
 *(.jumptables*)
 *(.lowtext)
 *(.lowtext*)
                0x00000068                __ctors_start = .
 *(.ctors)
                0x00000068                __ctors_end = .
                0x00000068                __dtors_start = .
 *(.dtors)
                0x00000068                __dtors_end = .
 SORT(*)(.ctors)
 SORT(*)(.dtors)
 *(.init0)
 .init0         0x00000068        0x0 C:/Program Files (x86)/Atmel/Studio/7.0/Packs/atmel/ATmega_DFP/1.6.364/gcc/dev/atmega32/avr5/crtatmega32.o
                0x00000068                __init
 *(.init0)
 *(.init1)
 *(.init1)
 *(.init2)
 .init2         0x00000068        0xc C:/Program Files (x86)/Atmel/Studio/7.0/Packs/atmel/ATmega_DFP/1.6.364/gcc/dev/atmega32/avr5/crtatmega32.o
 *(.init2)
 *(.init3)
 *(.init3)
 *(.init4)
 .init4         0x00000074       0x10 c:/program files (x86)/atmel/studio/7.0/toolchain/avr8/avr8-gnu-toolchain/bin/../lib/gcc/avr/5.4.0/avr5\libgcc.a(_clear_bss.o)
                0x00000074                __do_clear_bss
 *(.init4)
 *(.init5)
 *(.init5)
 *(.init6)
 *(.init6)
 *(.init7)
 *(.init7)
 *(.init8)
 *(.init8)
 *(.init9)
 .init9         0x00000084        0x8 C:/Program Files (x86)/Atmel/Studio/7.0/Packs/atmel/ATmega_DFP/1.6.364/gcc/dev/atmega32/avr5/crtatmega32.o
 *(.init9)
 *(.text)
 .text          0x0000008c        0x4 C:/Program Files (x86)/Atmel/Studio/7.0/Packs/atmel/ATmega_DFP/1.6.364/gcc/dev/atmega32/avr5/crtatmega32.o
                0x0000008c                __vector_1
                0x0000008c                __vector_12
                0x0000008c                __bad_interrupt
                0x0000008c                __vector_6
                0x0000008c                __vector_3
                0x0000008c                __vector_11
                0x0000008c                __vector_13
                0x0000008c                __vector_17
                0x0000008c                __vector_19
                0x0000008c                __vector_7
                0x0000008c                __vector_5
                0x0000008c                __vector_4
                0x0000008c                __vector_9
                0x0000008c                __vector_2
                0x0000008c                __vector_15
                0x0000008c                __vector_8
                0x0000008c                __vector_14
                0x0000008c                __vector_10
                0x0000008c                __vector_16
                0x0000008c                __vector_18
                0x0000008c                __vector_20
                0x00000090                . = ALIGN (0x2)
 *(.text.*)
 .text.ChangeLedLevel
                0x00000090        0x6 APP/main.o
                0x00000090                ChangeLedLevel
 .text.ChangeMotorSpeed
                0x00000096        0x6 APP/main.o
                0x00000096                ChangeMotorSpeed
 .text.ChangeMotorDirection
                0x0000009c        0x6 APP/main.o
                0x0000009c                ChangeMotorDirection
 .text.ChangeSteerDirection
                0x000000a2        0x6 APP/main.o
                0x000000a2                ChangeSteerDirection
 .text.main     0x000000a8       0xcc APP/main.o
                0x000000a8                main
 .text.BUZZER_INIT
                0x00000174        0x8 HAL/BUZZER/BUZZER.o
                0x00000174                BUZZER_INIT
 .text.BUZZER_ON
                0x0000017c        0x8 HAL/BUZZER/BUZZER.o
                0x0000017c                BUZZER_ON
 .text.BUZZER_OFF
                0x00000184        0x8 HAL/BUZZER/BUZZER.o
                0x00000184                BUZZER_OFF
 .text.DC_MOTOR_INIT
                0x0000018c       0x2e HAL/DC_MOTOR/DC_MOTOR.o
                0x0000018c                DC_MOTOR_INIT
 .text.DC_MOTOR_START
                0x000001ba        0x6 HAL/DC_MOTOR/DC_MOTOR.o
                0x000001ba                DC_MOTOR_START
 .text.DC_MOTOR_STOP
                0x000001c0        0x6 HAL/DC_MOTOR/DC_MOTOR.o
                0x000001c0                DC_MOTOR_STOP
 .text.DC_MOTOR_SET_SPEED
                0x000001c6       0x16 HAL/DC_MOTOR/DC_MOTOR.o
                0x000001c6                DC_MOTOR_SET_SPEED
 .text.DC_MOTOR_SET_DIRECTION
                0x000001dc       0x3c HAL/DC_MOTOR/DC_MOTOR.o
                0x000001dc                DC_MOTOR_SET_DIRECTION
 .text.DC_MOTOR_STEER_INIT
                0x00000218       0x12 HAL/DC_STEERING/DC_MOTOR_STEER.o
                0x00000218                DC_MOTOR_STEER_INIT
 .text.DC_MOTOR_STEER
                0x0000022a       0x40 HAL/DC_STEERING/DC_MOTOR_STEER.o
                0x0000022a                DC_MOTOR_STEER
 .text.HC_05_INIT
                0x0000026a        0x6 HAL/HC_05/HC_05.o
                0x0000026a                HC_05_INIT
 .text.HC_05_REC_BYTE
                0x00000270        0x6 HAL/HC_05/HC_05.o
                0x00000270                HC_05_REC_BYTE
 .text.DATA_RECIEVED
                0x00000276        0xa HAL/HC_05/HC_05.o
                0x00000276                DATA_RECIEVED
 .text.LED_INIT
                0x00000280        0xe HAL/LED/LED.o
                0x00000280                LED_INIT
 .text.LED_LEVEL
                0x0000028e       0x6a HAL/LED/LED.o
                0x0000028e                LED_LEVEL
 .text.PIN_MODE
                0x000002f8      0x118 MCAL/DIO/DIO.o
                0x000002f8                PIN_MODE
 .text.PIN_WRITE
                0x00000410      0x118 MCAL/DIO/DIO.o
                0x00000410                PIN_WRITE
 .text.TIMER_0_START
                0x00000528       0x14 MCAL/TIMERS/TIMERS.o
                0x00000528                TIMER_0_START
 .text.TIMER_0_STOP
                0x0000053c       0x14 MCAL/TIMERS/TIMERS.o
                0x0000053c                TIMER_0_STOP
 .text.PWM_0_INIT
                0x00000550       0x22 MCAL/TIMERS/TIMERS.o
                0x00000550                PWM_0_INIT
 .text.PWM_0_SET_DUYT_CYCLE
                0x00000572       0x12 MCAL/TIMERS/TIMERS.o
                0x00000572                PWM_0_SET_DUYT_CYCLE
 .text.PWM_0_START
                0x00000584        0x6 MCAL/TIMERS/TIMERS.o
                0x00000584                PWM_0_START
 .text.PWM_0_STOP
                0x0000058a        0x6 MCAL/TIMERS/TIMERS.o
                0x0000058a                PWM_0_STOP
 .text.PWM_2_INIT
                0x00000590       0x22 MCAL/TIMERS/TIMERS.o
                0x00000590                PWM_2_INIT
 .text.PWM_2_SET_DUYT_CYCLE
                0x000005b2       0x12 MCAL/TIMERS/TIMERS.o
                0x000005b2                PWM_2_SET_DUYT_CYCLE
 .text.TIMER_2_START
                0x000005c4       0x14 MCAL/TIMERS/TIMERS.o
                0x000005c4                TIMER_2_START
 .text.TIMER_2_STOP
                0x000005d8       0x14 MCAL/TIMERS/TIMERS.o
                0x000005d8                TIMER_2_STOP
 .text.PWM_2_START
                0x000005ec        0x6 MCAL/TIMERS/TIMERS.o
                0x000005ec                PWM_2_START
 .text.PWM_2_STOP
                0x000005f2        0x6 MCAL/TIMERS/TIMERS.o
                0x000005f2                PWM_2_STOP
 .text.UART_INIT
                0x000005f8       0x22 MCAL/UART/UART.o
                0x000005f8                UART_INIT
 .text.UART_RECIEVE
                0x0000061a        0x8 MCAL/UART/UART.o
                0x0000061a                UART_RECIEVE
 .text.libgcc.div
                0x00000622       0x28 c:/program files (x86)/atmel/studio/7.0/toolchain/avr8/avr8-gnu-toolchain/bin/../lib/gcc/avr/5.4.0/avr5\libgcc.a(_divmodhi4.o)
                0x00000622                _div
                0x00000622                __divmodhi4
 .text.libgcc   0x0000064a        0xc c:/program files (x86)/atmel/studio/7.0/toolchain/avr8/avr8-gnu-toolchain/bin/../lib/gcc/avr/5.4.0/avr5\libgcc.a(_tablejump2.o)
                0x0000064a                __tablejump2__
 .text.libgcc.div
                0x00000656       0x28 c:/program files (x86)/atmel/studio/7.0/toolchain/avr8/avr8-gnu-toolchain/bin/../lib/gcc/avr/5.4.0/avr5\libgcc.a(_udivmodhi4.o)
                0x00000656                __udivmodhi4
                0x0000067e                . = ALIGN (0x2)
 *(.fini9)
 .fini9         0x0000067e        0x0 c:/program files (x86)/atmel/studio/7.0/toolchain/avr8/avr8-gnu-toolchain/bin/../lib/gcc/avr/5.4.0/avr5\libgcc.a(_exit.o)
                0x0000067e                _exit
                0x0000067e                exit
 *(.fini9)
 *(.fini8)
 *(.fini8)
 *(.fini7)
 *(.fini7)
 *(.fini6)
 *(.fini6)
 *(.fini5)
 *(.fini5)
 *(.fini4)
 *(.fini4)
 *(.fini3)
 *(.fini3)
 *(.fini2)
 *(.fini2)
 *(.fini1)
 *(.fini1)
 *(.fini0)
 .fini0         0x0000067e        0x4 c:/program files (x86)/atmel/studio/7.0/toolchain/avr8/avr8-gnu-toolchain/bin/../lib/gcc/avr/5.4.0/avr5\libgcc.a(_exit.o)
 *(.fini0)
                0x00000682                _etext = .

.data           0x00800060        0x0 load address 0x00000682
                [!provide]                PROVIDE (__data_start, .)
 *(.data)
 *(.data*)
 *(.gnu.linkonce.d*)
 *(.rodata)
 *(.rodata*)
 *(.gnu.linkonce.r*)
                0x00800060                . = ALIGN (0x2)
                0x00800060                _edata = .
                [!provide]                PROVIDE (__data_end, .)

.bss            0x00800060        0x2
                0x00800060                PROVIDE (__bss_start, .)
 *(.bss)
 *(.bss*)
 .bss.Direction
                0x00800060        0x1 APP/main.o
                0x00800060                Direction
 .bss.Led_Level
                0x00800061        0x1 APP/main.o
                0x00800061                Led_Level
 *(COMMON)
                0x00800062                PROVIDE (__bss_end, .)
                0x00000682                __data_load_start = LOADADDR (.data)
                0x00000682                __data_load_end = (__data_load_start + SIZEOF (.data))

.noinit         0x00800062        0x0
                [!provide]                PROVIDE (__noinit_start, .)
 *(.noinit*)
                [!provide]                PROVIDE (__noinit_end, .)
                0x00800062                _end = .
                [!provide]                PROVIDE (__heap_start, .)

.eeprom         0x00810000        0x0
 *(.eeprom*)
                0x00810000                __eeprom_end = .

.fuse
 *(.fuse)
 *(.lfuse)
 *(.hfuse)
 *(.efuse)

.lock
 *(.lock*)

.signature
 *(.signature*)

.user_signatures
 *(.user_signatures*)

.stab
 *(.stab)

.stabstr
 *(.stabstr)

.stab.excl
 *(.stab.excl)

.stab.exclstr
 *(.stab.exclstr)

.stab.index
 *(.stab.index)

.stab.indexstr
 *(.stab.indexstr)

.comment        0x00000000       0x30
 *(.comment)
 .comment       0x00000000       0x30 APP/main.o
                                 0x31 (size before relaxing)
 .comment       0x00000030       0x31 HAL/BUZZER/BUZZER.o
 .comment       0x00000030       0x31 HAL/DC_MOTOR/DC_MOTOR.o
 .comment       0x00000030       0x31 HAL/DC_STEERING/DC_MOTOR_STEER.o
 .comment       0x00000030       0x31 HAL/HC_05/HC_05.o
 .comment       0x00000030       0x31 HAL/LED/LED.o
 .comment       0x00000030       0x31 MCAL/DIO/DIO.o
 .comment       0x00000030       0x31 MCAL/TIMERS/TIMERS.o
 .comment       0x00000030       0x31 MCAL/UART/UART.o

.note.gnu.avr.deviceinfo
                0x00000000       0x3c
 .note.gnu.avr.deviceinfo
                0x00000000       0x3c C:/Program Files (x86)/Atmel/Studio/7.0/Packs/atmel/ATmega_DFP/1.6.364/gcc/dev/atmega32/avr5/crtatmega32.o

.note.gnu.build-id
 *(.note.gnu.build-id)

.debug
 *(.debug)

.line
 *(.line)

.debug_srcinfo
 *(.debug_srcinfo)

.debug_sfnames
 *(.debug_sfnames)

.debug_aranges  0x00000000      0x278
 *(.debug_aranges)
 .debug_aranges
                0x00000000       0x40 APP/main.o
 .debug_aranges
                0x00000040       0x30 HAL/BUZZER/BUZZER.o
 .debug_aranges
                0x00000070       0x40 HAL/DC_MOTOR/DC_MOTOR.o
 .debug_aranges
                0x000000b0       0x28 HAL/DC_STEERING/DC_MOTOR_STEER.o
 .debug_aranges
                0x000000d8       0x38 HAL/HC_05/HC_05.o
 .debug_aranges
                0x00000110       0x38 HAL/LED/LED.o
 .debug_aranges
                0x00000148       0x58 MCAL/DIO/DIO.o
 .debug_aranges
                0x000001a0       0xa8 MCAL/TIMERS/TIMERS.o
 .debug_aranges
                0x00000248       0x30 MCAL/UART/UART.o

.debug_pubnames
 *(.debug_pubnames)

.debug_info     0x00000000     0x18db
 *(.debug_info .gnu.linkonce.wi.*)
 .debug_info    0x00000000      0x4e6 C:/Program Files (x86)/Atmel/Studio/7.0/Packs/atmel/ATmega_DFP/1.6.364/gcc/dev/atmega32/avr5/crtatmega32.o
 .debug_info    0x000004e6      0x414 APP/main.o
 .debug_info    0x000008fa      0x162 HAL/BUZZER/BUZZER.o
 .debug_info    0x00000a5c      0x28a HAL/DC_MOTOR/DC_MOTOR.o
 .debug_info    0x00000ce6      0x18b HAL/DC_STEERING/DC_MOTOR_STEER.o
 .debug_info    0x00000e71      0x15f HAL/HC_05/HC_05.o
 .debug_info    0x00000fd0      0x224 HAL/LED/LED.o
 .debug_info    0x000011f4      0x2ae MCAL/DIO/DIO.o
 .debug_info    0x000014a2      0x337 MCAL/TIMERS/TIMERS.o
 .debug_info    0x000017d9      0x102 MCAL/UART/UART.o

.debug_abbrev   0x00000000      0xba2
 *(.debug_abbrev)
 .debug_abbrev  0x00000000      0x4a3 C:/Program Files (x86)/Atmel/Studio/7.0/Packs/atmel/ATmega_DFP/1.6.364/gcc/dev/atmega32/avr5/crtatmega32.o
 .debug_abbrev  0x000004a3      0x110 APP/main.o
 .debug_abbrev  0x000005b3       0x8b HAL/BUZZER/BUZZER.o
 .debug_abbrev  0x0000063e       0xa7 HAL/DC_MOTOR/DC_MOTOR.o
 .debug_abbrev  0x000006e5       0x8d HAL/DC_STEERING/DC_MOTOR_STEER.o
 .debug_abbrev  0x00000772       0xdb HAL/HC_05/HC_05.o
 .debug_abbrev  0x0000084d       0x98 HAL/LED/LED.o
 .debug_abbrev  0x000008e5      0x10c MCAL/DIO/DIO.o
 .debug_abbrev  0x000009f1      0x10a MCAL/TIMERS/TIMERS.o
 .debug_abbrev  0x00000afb       0xa7 MCAL/UART/UART.o

.debug_line     0x00000000      0xf8d
 *(.debug_line .debug_line.* .debug_line_end)
 .debug_line    0x00000000      0x116 C:/Program Files (x86)/Atmel/Studio/7.0/Packs/atmel/ATmega_DFP/1.6.364/gcc/dev/atmega32/avr5/crtatmega32.o
 .debug_line    0x00000116      0x214 APP/main.o
 .debug_line    0x0000032a       0xa3 HAL/BUZZER/BUZZER.o
 .debug_line    0x000003cd      0x14e HAL/DC_MOTOR/DC_MOTOR.o
 .debug_line    0x0000051b       0xd0 HAL/DC_STEERING/DC_MOTOR_STEER.o
 .debug_line    0x000005eb       0xc5 HAL/HC_05/HC_05.o
 .debug_line    0x000006b0      0x146 HAL/LED/LED.o
 .debug_line    0x000007f6      0x3d3 MCAL/DIO/DIO.o
 .debug_line    0x00000bc9      0x2e0 MCAL/TIMERS/TIMERS.o
 .debug_line    0x00000ea9       0xe4 MCAL/UART/UART.o

.debug_frame    0x00000000      0x42c
 *(.debug_frame)
 .debug_frame   0x00000000       0x64 APP/main.o
 .debug_frame   0x00000064       0x44 HAL/BUZZER/BUZZER.o
 .debug_frame   0x000000a8       0x74 HAL/DC_MOTOR/DC_MOTOR.o
 .debug_frame   0x0000011c       0x34 HAL/DC_STEERING/DC_MOTOR_STEER.o
 .debug_frame   0x00000150       0x54 HAL/HC_05/HC_05.o
 .debug_frame   0x000001a4       0x54 HAL/LED/LED.o
 .debug_frame   0x000001f8       0x94 MCAL/DIO/DIO.o
 .debug_frame   0x0000028c      0x15c MCAL/TIMERS/TIMERS.o
 .debug_frame   0x000003e8       0x44 MCAL/UART/UART.o

.debug_str      0x00000000      0x73b
 *(.debug_str)
 .debug_str     0x00000000      0x196 C:/Program Files (x86)/Atmel/Studio/7.0/Packs/atmel/ATmega_DFP/1.6.364/gcc/dev/atmega32/avr5/crtatmega32.o
 .debug_str     0x00000196      0x2db APP/main.o
                                0x330 (size before relaxing)
 .debug_str     0x00000471       0x34 HAL/BUZZER/BUZZER.o
                                0x1d1 (size before relaxing)
 .debug_str     0x000004a5       0x6f HAL/DC_MOTOR/DC_MOTOR.o
                                0x214 (size before relaxing)
 .debug_str     0x00000514       0x24 HAL/DC_STEERING/DC_MOTOR_STEER.o
                                0x1ae (size before relaxing)
 .debug_str     0x00000538       0x46 HAL/HC_05/HC_05.o
                                0x1ef (size before relaxing)
 .debug_str     0x0000057e       0x57 HAL/LED/LED.o
                                0x1c3 (size before relaxing)
 .debug_str     0x000005d5       0x65 MCAL/DIO/DIO.o
                                0x1c8 (size before relaxing)
 .debug_str     0x0000063a       0xed MCAL/TIMERS/TIMERS.o
                                0x2ae (size before relaxing)
 .debug_str     0x00000727       0x14 MCAL/UART/UART.o
                                0x18d (size before relaxing)

.debug_loc      0x00000000      0xcbd
 *(.debug_loc)
 .debug_loc     0x00000000      0x299 APP/main.o
 .debug_loc     0x00000299       0x63 HAL/BUZZER/BUZZER.o
 .debug_loc     0x000002fc       0x9c HAL/DC_MOTOR/DC_MOTOR.o
 .debug_loc     0x00000398       0x53 HAL/DC_STEERING/DC_MOTOR_STEER.o
 .debug_loc     0x000003eb       0x40 HAL/HC_05/HC_05.o
 .debug_loc     0x0000042b       0x85 HAL/LED/LED.o
 .debug_loc     0x000004b0      0x6a9 MCAL/DIO/DIO.o
 .debug_loc     0x00000b59      0x164 MCAL/TIMERS/TIMERS.o

.debug_macinfo
 *(.debug_macinfo)

.debug_weaknames
 *(.debug_weaknames)

.debug_funcnames
 *(.debug_funcnames)

.debug_typenames
 *(.debug_typenames)

.debug_varnames
 *(.debug_varnames)

.debug_pubtypes
 *(.debug_pubtypes)

.debug_ranges   0x00000000      0x1e8
 *(.debug_ranges)
 .debug_ranges  0x00000000       0x30 APP/main.o
 .debug_ranges  0x00000030       0x20 HAL/BUZZER/BUZZER.o
 .debug_ranges  0x00000050       0x30 HAL/DC_MOTOR/DC_MOTOR.o
 .debug_ranges  0x00000080       0x18 HAL/DC_STEERING/DC_MOTOR_STEER.o
 .debug_ranges  0x00000098       0x28 HAL/HC_05/HC_05.o
 .debug_ranges  0x000000c0       0x28 HAL/LED/LED.o
 .debug_ranges  0x000000e8       0x48 MCAL/DIO/DIO.o
 .debug_ranges  0x00000130       0x98 MCAL/TIMERS/TIMERS.o
 .debug_ranges  0x000001c8       0x20 MCAL/UART/UART.o

.debug_macro
 *(.debug_macro)
OUTPUT(Main_controller.elf elf32-avr)
LOAD linker stubs
